
> @ctvs/reference-workspace@0.1.0 check
> npm run typecheck && npm run lint && npm run format:onchain:check && npm run test:coverage && npm run test:onchain && npm run test:integration


> @ctvs/reference-workspace@0.1.0 typecheck
> tsc --noEmit


> @ctvs/reference-workspace@0.1.0 lint
> biome check .

Checked 89 files in 24ms. No fixes applied.

> @ctvs/reference-workspace@0.1.0 format:onchain:check
> node --import tsx tools/format-onchain.ts


> @ctvs/reference-workspace@0.1.0 test:coverage
> vitest run --project unit --project property --coverage --outputFile.junit=artifacts/test-results/unit.xml --outputFile.json=artifacts/test-results/unit.json


 RUN  v5.0.1 /Users/derekbarrera/Development/SteerProtocol/cardano-vault-standard/reference
      Coverage enabled with v8

 ✓ |unit| tools/lib/staging.test.ts (8 tests) 31ms
 ✓ |unit| packages/protocol/tests/math.test.ts (12 tests) 8ms
 ✓ |unit| packages/planning/test/context.test.ts (4 tests) 21ms
 ✓ |unit| packages/protocol/tests/data.test.ts (44 tests) 25ms
 ✓ |property| packages/planning/test/value.property.test.ts (3 tests) 28ms
 ✓ |unit| packages/protocol/tests/data-adversarial.test.ts (36 tests) 48ms
 ✓ |unit| packages/planning/test/plan.test.ts (5 tests) 37ms
 ✓ |unit| packages/protocol/tests/wire.test.ts (20 tests) 67ms
 ✓ |unit| implementations/ctvs2/client/test/recovery-delivery.test.ts (3 tests) 29ms
 ✓ |unit| implementations/ctvs1/client/test/direct.test.ts (10 tests) 62ms
 ✓ |unit| implementations/ctvs2/client/test/requests-batch.test.ts (12 tests) 79ms
 ✓ |property| packages/protocol/tests/math.property.test.ts (5 tests) 378ms
 ✓ |property| packages/protocol/tests/data.property.test.ts (1 test) 472ms
   ✓ roundtrips varied recursive Data through maintained CBOR and exact JSON 471ms
 ✓ |property| implementations/ctvs1/client/test/direct.property.test.ts (1 test) 389ms
   ✓ direct operations conserve underlying liabilities, supply and separately funded ADA 388ms
 ✓ |property| implementations/ctvs2/client/test/settlement.property.test.ts (2 tests) 1164ms
   ✓ batch permutations keep one snapshot and allocate every request exactly once 1036ms
 ✓ |unit| testing/ledger/evaluator.test.ts (16 tests) 24ms
 ✓ |unit| testing/ledger/outputs.test.ts (3 tests) 49ms

 Test Files  17 passed (17)
      Tests  185 passed (185)
   Start at  08:40:45
   Duration  1.95s (import 47%, transform 26%, tests 23%, worker 3%, setup 1%)

JSON report written to /Users/derekbarrera/Development/SteerProtocol/cardano-vault-standard/reference/artifacts/test-results/unit.json
JUNIT report written to /Users/derekbarrera/Development/SteerProtocol/cardano-vault-standard/reference/artifacts/test-results/unit.xml
 % Coverage report from v8
-------------------|---------|----------|---------|---------|-------------------
File               | % Stmts | % Branch | % Funcs | % Lines | Uncovered Line #s 
-------------------|---------|----------|---------|---------|-------------------
All files          |   99.32 |    98.43 |     100 |   99.61 |                   
 ...s/planning/src |   99.43 |    98.49 |     100 |     100 |                   
  plan.ts          |   98.63 |    98.55 |     100 |     100 | 174               
  value.ts         |     100 |       95 |     100 |     100 | 46                
 ...tocol/src/data |   99.48 |    99.58 |     100 |   99.39 |                   
  codec.ts         |    98.7 |    98.75 |     100 |   98.43 | 80                
 ...tocol/src/math |   97.32 |     95.6 |     100 |   99.02 |                   
  limits.ts        |     100 |    94.44 |     100 |     100 | 17                
  quotes.ts        |   94.23 |    85.71 |     100 |   97.95 | 90                
 ...tocol/src/wire |   99.63 |    97.66 |     100 |   99.59 |                   
  primitives.ts    |    98.8 |    94.28 |     100 |   98.64 | 137               
-------------------|---------|----------|---------|---------|-------------------

=============================== Coverage summary ===============================
Statements   : 99.32% ( 879/885 )
Branches     : 98.43% ( 690/701 )
Functions    : 100% ( 174/174 )
Lines        : 99.61% ( 784/787 )
================================================================================

> @ctvs/reference-workspace@0.1.0 test:onchain
> node --import tsx tools/check-onchain.ts

    Compiling steer/ctvs1-reference 0.1.0 (.)
    Compiling aiken-lang/stdlib v3.1.0 (./build/packages/aiken-lang-stdlib)
    Compiling aiken-lang/fuzz v2.2.0 (./build/packages/aiken-lang-fuzz)
   Generating project's blueprint (./plutus.json)
    Compiling steer/ctvs1-reference 0.1.0 (.)
    Compiling aiken-lang/stdlib v3.1.0 (./build/packages/aiken-lang-stdlib)
    Compiling aiken-lang/fuzz v2.2.0 (./build/packages/aiken-lang-fuzz)
   Generating project's blueprint (./plutus.json)
ctvs1: vault template 12018 bytes
ctvs1 { total: 83, passed: 83, failed: 0, kind: { unit: 74, property: 9 } }
    Compiling steer/ctvs2-reference 0.1.0 (.)
    Compiling aiken-lang/stdlib v3.1.0 (./build/packages/aiken-lang-stdlib)
    Compiling aiken-lang/fuzz v2.2.0 (./build/packages/aiken-lang-fuzz)
   Generating project's blueprint (./plutus.json)
    Compiling steer/ctvs2-reference 0.1.0 (.)
    Compiling aiken-lang/stdlib v3.1.0 (./build/packages/aiken-lang-stdlib)
    Compiling aiken-lang/fuzz v2.2.0 (./build/packages/aiken-lang-fuzz)
   Generating project's blueprint (./plutus.json)
ctvs2: vault template 15938 bytes
ctvs2 {
  total: 106,
  passed: 106,
  failed: 0,
  kind: { unit: 96, property: 10 }
}

> @ctvs/reference-workspace@0.1.0 test:integration
> vitest run --project integration --outputFile.junit=artifacts/test-results/integration.xml --outputFile.json=artifacts/test-results/integration.json


 RUN  v5.0.1 /Users/derekbarrera/Development/SteerProtocol/cardano-vault-standard/reference

 ✓ |integration| testing/integration/ctvs1/lifecycle.test.ts (18 tests) 5532ms
   ✓ CTVS-1 signed ada transactions (9)
     ✓ executes deposit through its public planner 441ms
     ✓ executes mint through its public planner 342ms
     ✓ executes withdraw through its public planner 332ms
     ✓ executes redeem through its public planner 330ms
     ✓ collects fees, tops up reserves, and applies authorized pause changes 454ms
   ✓ CTVS-1 signed native transactions (9)
     ✓ executes deposit through its public planner 322ms
     ✓ executes mint through its public planner 329ms
     ✓ executes withdraw through its public planner 326ms
     ✓ executes redeem through its public planner 330ms
     ✓ collects fees, tops up reserves, and applies authorized pause changes 461ms
 ✓ |integration| testing/integration/ctvs2/lifecycle.test.ts (4 tests) 2333ms
   ✓ CTVS-2 signed ada transactions (2)
     ✓ settles deposits and redemptions into authenticated funded Claims 991ms
   ✓ CTVS-2 signed native transactions (2)
     ✓ settles deposits and redemptions into authenticated funded Claims 924ms
 ✓ |integration| testing/integration/ctvs2/guards.test.ts (4 tests) 1509ms
   ✓ CTVS-2 compiled ada guards (2)
     ✓ requires all actual Q inputs to agree on one complete delivery list 521ms
   ✓ CTVS-2 compiled native guards (2)
     ✓ requires all actual Q inputs to agree on one complete delivery list 528ms
 ✓ |integration| testing/integration/compilation/parameters.test.ts (2 tests) 515ms

 Test Files  4 passed (4)
      Tests  28 passed (28)
   Start at  08:41:49
   Duration  12.98s (tests 78%, import 21%, transform 1%)

JSON report written to /Users/derekbarrera/Development/SteerProtocol/cardano-vault-standard/reference/artifacts/test-results/integration.json
JUNIT report written to /Users/derekbarrera/Development/SteerProtocol/cardano-vault-standard/reference/artifacts/test-results/integration.xml
