
> @ctvs/reference-workspace@0.1.0 check
> npm run typecheck && npm run lint && npm run format:onchain:check && npm run test:coverage && npm run test:onchain && npm run test:integration


> @ctvs/reference-workspace@0.1.0 typecheck
> tsc --noEmit


> @ctvs/reference-workspace@0.1.0 lint
> biome check .

Checked 122 files in 57ms. No fixes applied.

> @ctvs/reference-workspace@0.1.0 format:onchain:check
> node --import tsx tools/format-onchain.ts


> @ctvs/reference-workspace@0.1.0 test:coverage
> vitest run --project unit --project property --coverage --outputFile.junit=artifacts/test-results/unit.xml --outputFile.json=artifacts/test-results/unit.json


 RUN  v5.0.1 /Users/derekbarrera/Development/SteerProtocol/cardano-vault-standard/reference
      Coverage enabled with v8

 ✓ |unit| tools/lib/staging.test.ts (8 tests) 42ms
 ✓ |unit| packages/planning/test/plan.test.ts (5 tests) 34ms
 ✓ |property| packages/planning/test/value.property.test.ts (3 tests) 48ms
 ✓ |unit| packages/protocol/tests/wire.test.ts (20 tests) 101ms
 ✓ |unit| implementations/ctvs1/client/test/direct.test.ts (10 tests) 158ms
 ✓ |unit| implementations/ctvs2/client/test/recovery-delivery.test.ts (3 tests) 81ms
 ✓ |unit| implementations/ctvs2/client/test/hex-identity.test.ts (7 tests) 94ms
 ✓ |unit| implementations/ctvs2/client/test/recovery-cbor.test.ts (4 tests) 67ms
 ✓ |unit| implementations/ctvs2/client/test/requests-batch.test.ts (12 tests) 267ms
 ✓ |unit| packages/planning/test/hex-identity.test.ts (5 tests) 215ms
 ✓ |property| packages/protocol/tests/math.property.test.ts (5 tests) 1036ms
   ✓ economic properties (5)
     ✓ quotes are monotonic for all operations despite integer fee rounding 374ms
 ✓ |unit| packages/protocol/tests/data.test.ts (44 tests) 66ms
 ✓ |unit| packages/protocol/tests/data-adversarial.test.ts (36 tests) 310ms
 ✓ |unit| packages/planning/test/context.test.ts (4 tests) 104ms
 ✓ |property| packages/protocol/tests/data.property.test.ts (1 test) 1393ms
   ✓ roundtrips varied recursive Data through maintained CBOR and exact JSON 1392ms
 ✓ |unit| packages/protocol/tests/recovery-cbor.test.ts (11 tests) 155ms
 ✓ |unit| packages/protocol/tests/math.test.ts (12 tests) 79ms
 ✓ |property| implementations/ctvs1/client/test/direct.property.test.ts (1 test) 1631ms
   ✓ direct operations conserve underlying liabilities, supply and separately funded ADA 1619ms
 ✓ |unit| packages/cardano/test/selection.test.ts (13 tests) 28ms
 ✓ |property| implementations/ctvs2/client/test/settlement.property.test.ts (2 tests) 3271ms
   ✓ batch permutations keep one snapshot and allocate every request exactly once 2931ms
   ✓ delivery keeps exhaustive common coverage and preserves independently funded surplus 337ms
 ✓ |unit| testing/ledger/evaluator.test.ts (16 tests) 81ms
 ✓ |unit| testing/ledger/outputs.test.ts (3 tests) 118ms
 ✓ |unit| packages/integration/test/ownership.test.ts (2 tests) 132ms
 ✓ |unit| packages/integration/test/ledger.test.ts (3 tests) 169ms
 ✓ |unit| packages/integration/test/effects.test.ts (8 tests) 284ms
 ✓ |unit| packages/cardano/test/effects.test.ts (29 tests) 365ms
 ✓ |unit| testing/ledger/selection.test.ts (11 tests) 6ms
 ✓ |unit| packages/integration/test/reader.test.ts (10 tests) 349ms

 Test Files  28 passed (28)
      Tests  288 passed (288)
   Start at  11:23:53
   Duration  4.96s (import 64%, tests 20%, transform 13%, worker 2%)

JSON report written to /Users/derekbarrera/Development/SteerProtocol/cardano-vault-standard/reference/artifacts/test-results/unit.json
JUNIT report written to /Users/derekbarrera/Development/SteerProtocol/cardano-vault-standard/reference/artifacts/test-results/unit.xml
 % Coverage report from v8
-------------------|---------|----------|---------|---------|-------------------
File               | % Stmts | % Branch | % Funcs | % Lines | Uncovered Line #s 
-------------------|---------|----------|---------|---------|-------------------
All files          |   96.69 |    93.59 |   97.76 |    98.2 |                   
 ...es/cardano/src |   96.91 |    86.89 |    92.1 |   98.76 |                   
  ...cts-ledger.ts |   92.72 |    91.93 |   82.85 |   96.66 | 124-126,156       
  ...-witnesses.ts |   98.43 |    57.69 |     100 |   98.36 | 52                
  effects.ts       |     100 |    91.17 |     100 |     100 | ...53,264,301-309 
  selection.ts     |   94.25 |    87.17 |     100 |   98.66 | 178               
 ...ntegration/src |    89.7 |    86.33 |   98.11 |    93.8 |                   
  identity.ts      |   86.48 |    82.75 |      75 |   87.09 | 48,51,63,84       
  ledger.ts        |   79.41 |    72.09 |     100 |   85.96 | 65-72             
  project.ts       |   85.57 |    76.19 |     100 |   93.97 | 62,71,82,112,121  
  reader.ts        |   97.46 |     94.4 |     100 |      98 | 396,439,442       
 ...s/planning/src |   99.43 |    98.49 |     100 |     100 |                   
  plan.ts          |   98.63 |    98.55 |     100 |     100 | 176               
  value.ts         |     100 |       95 |     100 |     100 | 46                
 ...tocol/src/data |    99.5 |     99.6 |     100 |   99.42 |                   
  codec.ts         |   98.66 |    98.71 |     100 |   98.38 | 77                
 ...tocol/src/math |   97.32 |     95.6 |     100 |   99.02 |                   
  limits.ts        |     100 |    94.44 |     100 |     100 | 17                
  quotes.ts        |   94.23 |    85.71 |     100 |   97.95 | 90                
 ...tocol/src/wire |   99.68 |    98.09 |     100 |   99.64 |                   
  primitives.ts    |    98.8 |    94.28 |     100 |   98.64 | 145               
-------------------|---------|----------|---------|---------|-------------------

=============================== Coverage summary ===============================
Statements   : 96.69% ( 1699/1757 )
Branches     : 93.59% ( 1198/1280 )
Functions    : 97.76% ( 306/313 )
Lines        : 98.2% ( 1534/1562 )
================================================================================

> @ctvs/reference-workspace@0.1.0 test:onchain
> node --import tsx tools/check-onchain.ts

    Compiling steer/ctvs1-reference 0.1.0 (.)
    Compiling aiken-lang/stdlib v3.1.0 (./build/packages/aiken-lang-stdlib)
    Compiling aiken-lang/fuzz v2.2.0 (./build/packages/aiken-lang-fuzz)
   Generating project's blueprint (./plutus.json)
    Compiling steer/ctvs1-reference 0.1.0 (.)
    Compiling aiken-lang/stdlib v3.1.0 (./build/packages/aiken-lang-stdlib)
    Compiling aiken-lang/fuzz v2.2.0 (./build/packages/aiken-lang-fuzz)
   Generating project's blueprint (./plutus.json)
ctvs1: vault template 12018 bytes
ctvs1 { total: 85, passed: 85, failed: 0, kind: { unit: 76, property: 9 } }
    Compiling steer/ctvs2-reference 0.1.0 (.)
    Compiling aiken-lang/stdlib v3.1.0 (./build/packages/aiken-lang-stdlib)
    Compiling aiken-lang/fuzz v2.2.0 (./build/packages/aiken-lang-fuzz)
   Generating project's blueprint (./plutus.json)
    Compiling steer/ctvs2-reference 0.1.0 (.)
    Compiling aiken-lang/stdlib v3.1.0 (./build/packages/aiken-lang-stdlib)
    Compiling aiken-lang/fuzz v2.2.0 (./build/packages/aiken-lang-fuzz)
   Generating project's blueprint (./plutus.json)
ctvs2: vault template 15938 bytes
ctvs2 {
  total: 108,
  passed: 108,
  failed: 0,
  kind: { unit: 98, property: 10 }
}

> @ctvs/reference-workspace@0.1.0 test:integration
> vitest run --project integration --outputFile.junit=artifacts/test-results/integration.xml --outputFile.json=artifacts/test-results/integration.json


 RUN  v5.0.1 /Users/derekbarrera/Development/SteerProtocol/cardano-vault-standard/reference

 ✓ |integration| testing/integration/ctvs2/selection.test.ts (1 test) 5740ms
   ✓ selects signed feasible batches from real budgets, refreshes State, and independently splits Claim delivery 5739ms
 ✓ |integration| testing/integration/ctvs2/lifecycle.test.ts (4 tests) 2447ms
   ✓ CTVS-2 signed ada transactions (2)
     ✓ settles deposits and redemptions into authenticated funded Claims 1052ms
   ✓ CTVS-2 signed native transactions (2)
     ✓ settles deposits and redemptions into authenticated funded Claims 948ms
 ✓ |integration| testing/integration/ctvs2/reader.test.ts (1 test) 833ms
   ✓ replays signed accepted history, authenticates origins, and reverses ownership across a local competing branch 832ms
 ✓ |integration| testing/integration/ctvs2/guards.test.ts (4 tests) 1630ms
   ✓ CTVS-2 compiled ada guards (2)
     ✓ rejects rewritten Claim recipients and missing settler authorization 312ms
     ✓ requires all actual Q inputs to agree on one complete delivery list 566ms
   ✓ CTVS-2 compiled native guards (2)
     ✓ requires all actual Q inputs to agree on one complete delivery list 548ms
 ✓ |integration| testing/integration/ctvs1/lifecycle.test.ts (18 tests) 5947ms
   ✓ CTVS-1 signed ada transactions (9)
     ✓ executes deposit through its public planner 460ms
     ✓ executes mint through its public planner 356ms
     ✓ executes withdraw through its public planner 357ms
     ✓ executes redeem through its public planner 360ms
     ✓ collects fees, tops up reserves, and applies authorized pause changes 486ms
   ✓ CTVS-1 signed native transactions (9)
     ✓ executes deposit through its public planner 354ms
     ✓ executes mint through its public planner 352ms
     ✓ executes withdraw through its public planner 350ms
     ✓ executes redeem through its public planner 350ms
     ✓ collects fees, tops up reserves, and applies authorized pause changes 515ms
     ✓ rejects paused-entry in the compiled validator 302ms
 ✓ |integration| testing/integration/ctvs1/effects.test.ts (1 test) 443ms
   ✓ CTVS-1 complete wallet authorization (1)
     ✓ rejects an appended 50 ADA payment before signing or spending and accepts the original plan 442ms
 ✓ |integration| testing/integration/compilation/parameters.test.ts (2 tests) 633ms
   ✓ ctvs1 CLI and Lucid agree on synthetic parameter application, without a ledger transaction 382ms

 Test Files  7 passed (7)
      Tests  31 passed (31)
   Start at  11:25:07
   Duration  22.69s (tests 80%, import 19%, transform 1%)

JSON report written to /Users/derekbarrera/Development/SteerProtocol/cardano-vault-standard/reference/artifacts/test-results/integration.json
JUNIT report written to /Users/derekbarrera/Development/SteerProtocol/cardano-vault-standard/reference/artifacts/test-results/integration.xml
