## Initial check; exit 1: three property-test timeouts

> @ctvs/reference-workspace@0.1.0 check
> npm run typecheck && npm run lint && npm run format:onchain:check && npm run test:coverage && npm run test:onchain && npm run test:integration


> @ctvs/reference-workspace@0.1.0 typecheck
> tsc --noEmit


> @ctvs/reference-workspace@0.1.0 lint
> biome check .

Checked 124 files in 161ms. No fixes applied.

> @ctvs/reference-workspace@0.1.0 format:onchain:check
> node --import tsx tools/format-onchain.ts


> @ctvs/reference-workspace@0.1.0 test:coverage
> vitest run --project unit --project property --coverage --outputFile.junit=artifacts/test-results/unit.xml --outputFile.json=artifacts/test-results/unit.json


 RUN  v5.0.1 /Users/derekbarrera/Development/SteerProtocol/cardano-vault-standard/reference
      Coverage enabled with v8

 ✓ |unit| packages/protocol/tests/data.test.ts (44 tests) 109ms
 ✓ |unit| packages/protocol/tests/data-adversarial.test.ts (36 tests) 179ms
 ✓ |property| packages/planning/test/value.property.test.ts (3 tests) 158ms
 ✓ |unit| packages/protocol/tests/wire.test.ts (20 tests) 221ms
 ✓ |unit| implementations/ctvs1/client/test/direct.test.ts (10 tests) 689ms
 ✓ |unit| implementations/ctvs2/client/test/hex-identity.test.ts (7 tests) 439ms
 ✓ |unit| implementations/ctvs2/client/test/requests-batch.test.ts (12 tests) 469ms
 ✓ |unit| packages/protocol/tests/recovery-cbor.test.ts (11 tests) 1033ms
 ✓ |unit| implementations/ctvs2/client/test/recovery-delivery.test.ts (3 tests) 955ms
   ✓ port: unsupported economics can be canceled and all surplus property is preserved 620ms
 ✓ |property| packages/protocol/tests/math.property.test.ts (5 tests) 4300ms
   ✓ economic properties (5)
     ✓ quotes are monotonic for all operations despite integer fee rounding 639ms
     ✓ deposit followed by redeem cannot return more assets than were paid 1040ms
     ✓ binary resource search matches exhaustive valid deposits in bounded markets 2296ms
 ✓ |unit| implementations/ctvs2/client/test/recovery-cbor.test.ts (4 tests) 820ms
   ✓ refunds a raw economic body without materializing it: d866821b002000000000000080 568ms
 ✓ |unit| packages/planning/test/context.test.ts (4 tests) 385ms
   ✓ family binding rejects cross-family deployments and incompatible advertised modes 353ms
 ✓ |unit| packages/planning/test/plan.test.ts (5 tests) 546ms
 ✓ |unit| packages/protocol/tests/math.test.ts (12 tests) 270ms
 ✓ |unit| tools/lib/staging.test.ts (8 tests) 326ms
 ❯ |property| packages/protocol/tests/data.property.test.ts (1 test | 1 failed) 7347ms
   × roundtrips varied recursive Data through maintained CBOR and exact JSON 7343ms
 ✓ |unit| packages/cardano/test/selection.test.ts (13 tests) 35ms
 ✓ |unit| packages/planning/test/hex-identity.test.ts (5 tests) 250ms
 ❯ |property| implementations/ctvs1/client/test/direct.property.test.ts (1 test | 1 failed) 6975ms
   × direct operations conserve underlying liabilities, supply and separately funded ADA 6952ms
 ✓ |unit| testing/ledger/outputs.test.ts (3 tests) 242ms
 ❯ |property| implementations/ctvs2/client/test/settlement.property.test.ts (2 tests | 1 failed) 12348ms
   × batch permutations keep one snapshot and allocate every request exactly once 11359ms
   ✓ delivery keeps exhaustive common coverage and preserves independently funded surplus 987ms
 ✓ |unit| testing/ledger/evaluator.test.ts (16 tests) 148ms
 ✓ |unit| packages/integration/test/ownership.test.ts (2 tests) 496ms
   ✓ does not attribute Pointer-address SHARE to an enterprise owner with the same payment key 447ms
 ✓ |unit| packages/cardano/test/effects.test.ts (30 tests) 781ms
 ✓ |unit| packages/integration/test/effects.test.ts (8 tests) 597ms
 ✓ |unit| packages/integration/test/ledger.test.ts (10 tests) 579ms
   ✓ resolves legacy spending pointers without treating mint redeemers as spends 302ms
 ✓ |unit| packages/integration/test/reader.test.ts (10 tests) 766ms
 ✓ |unit| packages/cardano/test/ledger.test.ts (16 tests) 18ms
 ✓ |unit| testing/ledger/selection.test.ts (11 tests) 11ms

⎯⎯⎯⎯⎯⎯⎯ Failed Tests 3 ⎯⎯⎯⎯⎯⎯⎯

 FAIL  |property| packages/protocol/tests/data.property.test.ts > roundtrips varied recursive Data through maintained CBOR and exact JSON
Error: Test timed out in 5000ms.
If this is a long-running test, pass a timeout value as the last argument or configure it globally with "testTimeout".
 ❯ packages/protocol/tests/data.property.test.ts:29:1
     27|   );
     28| }
     29| it("roundtrips varied recursive Data through maintained CBOR and exact…
       | ^
     30|   fc.assert(
     31|     fc.property(arbitraryData(3), (data) => {

⎯⎯⎯⎯⎯⎯⎯⎯⎯⎯⎯⎯⎯⎯⎯⎯⎯⎯⎯⎯⎯⎯⎯⎯[1/3]⎯

 FAIL  |property| implementations/ctvs2/client/test/settlement.property.test.ts > batch permutations keep one snapshot and allocate every request exactly once
Error: Test timed out in 5000ms.
If this is a long-running test, pass a timeout value as the last argument or configure it globally with "testTimeout".
 ❯ implementations/ctvs2/client/test/settlement.property.test.ts:8:1
      6| import { buildBatchPlan, buildDeliverPlan } from "../src/index.js";
      7|
      8| test("batch permutations keep one snapshot and allocate every request …
       | ^
      9|   fc.assert(
     10|     fc.property(

⎯⎯⎯⎯⎯⎯⎯⎯⎯⎯⎯⎯⎯⎯⎯⎯⎯⎯⎯⎯⎯⎯⎯⎯[2/3]⎯

 FAIL  |property| implementations/ctvs1/client/test/direct.property.test.ts > direct operations conserve underlying liabilities, supply and separately funded ADA
Error: Test timed out in 5000ms.
If this is a long-running test, pass a timeout value as the last argument or configure it globally with "testTimeout".
 ❯ implementations/ctvs1/client/test/direct.property.test.ts:7:1
      5| import { buildDirectPlan } from "../src/index.js";
      6|
      7| test("direct operations conserve underlying liabilities, supply and se…
       | ^
      8|   fc.assert(
      9|     fc.property(

⎯⎯⎯⎯⎯⎯⎯⎯⎯⎯⎯⎯⎯⎯⎯⎯⎯⎯⎯⎯⎯⎯⎯⎯[3/3]⎯


 Test Files  3 failed | 26 passed (29)
      Tests  3 failed | 309 passed (312)
   Start at  12:57:32
   Duration  17.28s (import 64%, tests 21%, transform 13%, worker 2%)

JSON report written to /Users/derekbarrera/Development/SteerProtocol/cardano-vault-standard/reference/artifacts/test-results/unit.json
JUNIT report written to /Users/derekbarrera/Development/SteerProtocol/cardano-vault-standard/reference/artifacts/test-results/unit.xml

## Complete coverage rerun with four workers; exit 0

> @ctvs/reference-workspace@0.1.0 test:coverage
> vitest run --project unit --project property --coverage --outputFile.junit=artifacts/test-results/unit.xml --outputFile.json=artifacts/test-results/unit.json --maxWorkers=4


 RUN  v5.0.1 /Users/derekbarrera/Development/SteerProtocol/cardano-vault-standard/reference
      Coverage enabled with v8

 ✓ |property| packages/protocol/tests/math.property.test.ts (5 tests) 651ms
 ✓ |property| implementations/ctvs1/client/test/direct.property.test.ts (1 test) 852ms
   ✓ direct operations conserve underlying liabilities, supply and separately funded ADA 850ms
 ✓ |property| packages/protocol/tests/data.property.test.ts (1 test) 963ms
   ✓ roundtrips varied recursive Data through maintained CBOR and exact JSON 962ms
 ✓ |property| packages/planning/test/value.property.test.ts (3 tests) 66ms
 ✓ |unit| implementations/ctvs2/client/test/recovery-delivery.test.ts (3 tests) 48ms
 ✓ |unit| packages/protocol/tests/recovery-cbor.test.ts (11 tests) 64ms
 ✓ |unit| implementations/ctvs2/client/test/recovery-cbor.test.ts (4 tests) 37ms
 ✓ |unit| implementations/ctvs1/client/test/direct.test.ts (10 tests) 111ms
 ✓ |property| implementations/ctvs2/client/test/settlement.property.test.ts (2 tests) 3059ms
   ✓ batch permutations keep one snapshot and allocate every request exactly once 2651ms
   ✓ delivery keeps exhaustive common coverage and preserves independently funded surplus 406ms
 ✓ |unit| packages/cardano/test/effects.test.ts (30 tests) 444ms
 ✓ |unit| packages/integration/test/effects.test.ts (8 tests) 358ms
 ✓ |unit| packages/integration/test/reader.test.ts (10 tests) 441ms
 ✓ |unit| packages/planning/test/plan.test.ts (5 tests) 64ms
 ✓ |unit| implementations/ctvs2/client/test/requests-batch.test.ts (12 tests) 150ms
 ✓ |unit| packages/integration/test/ledger.test.ts (10 tests) 336ms
 ✓ |unit| implementations/ctvs2/client/test/hex-identity.test.ts (7 tests) 70ms
 ✓ |unit| tools/lib/staging.test.ts (8 tests) 68ms
 ✓ |unit| packages/planning/test/context.test.ts (4 tests) 43ms
 ✓ |unit| packages/protocol/tests/math.test.ts (12 tests) 26ms
 ✓ |unit| packages/planning/test/hex-identity.test.ts (5 tests) 50ms
 ✓ |unit| packages/protocol/tests/wire.test.ts (20 tests) 116ms
 ✓ |unit| packages/protocol/tests/data-adversarial.test.ts (36 tests) 92ms
 ✓ |unit| packages/protocol/tests/data.test.ts (44 tests) 43ms
 ✓ |unit| packages/integration/test/ownership.test.ts (2 tests) 134ms
 ✓ |unit| packages/cardano/test/selection.test.ts (13 tests) 28ms
 ✓ |unit| testing/ledger/outputs.test.ts (3 tests) 167ms
 ✓ |unit| testing/ledger/evaluator.test.ts (16 tests) 67ms
 ✓ |unit| packages/cardano/test/ledger.test.ts (16 tests) 17ms
 ✓ |unit| testing/ledger/selection.test.ts (11 tests) 6ms

 Test Files  29 passed (29)
      Tests  312 passed (312)
   Start at  12:58:23
   Duration  14.02s (import 69%, tests 20%, transform 8%, worker 2%, setup 1%)

JSON report written to /Users/derekbarrera/Development/SteerProtocol/cardano-vault-standard/reference/artifacts/test-results/unit.json
JUNIT report written to /Users/derekbarrera/Development/SteerProtocol/cardano-vault-standard/reference/artifacts/test-results/unit.xml
 % Coverage report from v8
-------------------|---------|----------|---------|---------|-------------------
File               | % Stmts | % Branch | % Funcs | % Lines | Uncovered Line #s 
-------------------|---------|----------|---------|---------|-------------------
All files          |   97.48 |    94.24 |   97.77 |   98.71 |                   
 ...es/cardano/src |      97 |     87.6 |    92.3 |   98.79 |                   
  ...cts-ledger.ts |    91.2 |    90.56 |      80 |   95.89 | 94-96,121         
  ...-witnesses.ts |   98.43 |    57.69 |     100 |   98.36 | 46                
  effects.ts       |     100 |    91.17 |     100 |     100 | ...52,263,300-308 
  selection.ts     |   94.25 |    87.17 |     100 |   98.66 | 178               
 ...ntegration/src |   93.14 |    88.69 |   98.07 |   96.09 |                   
  identity.ts      |   86.48 |    82.75 |      75 |   87.09 | 48,51,63,84       
  ledger.ts        |     100 |    88.57 |     100 |     100 | 27,101            
  project.ts       |   85.57 |    76.19 |     100 |   93.97 | 62,71,82,112,121  
  reader.ts        |   97.46 |     94.4 |     100 |      98 | 396,439,442       
 ...s/planning/src |   99.43 |    98.49 |     100 |     100 |                   
  plan.ts          |   98.63 |    98.55 |     100 |     100 | 176               
  value.ts         |     100 |       95 |     100 |     100 | 46                
 ...tocol/src/data |    99.5 |     99.6 |     100 |   99.42 |                   
  codec.ts         |   98.66 |    98.71 |     100 |   98.38 | 77                
 ...tocol/src/math |   97.32 |     95.6 |     100 |   99.02 |                   
  limits.ts        |     100 |    94.44 |     100 |     100 | 17                
  quotes.ts        |   94.23 |    85.71 |     100 |   97.95 | 90                
 ...tocol/src/wire |   99.68 |    98.09 |     100 |   99.64 |                   
  primitives.ts    |    98.8 |    94.28 |     100 |   98.64 | 145               
-------------------|---------|----------|---------|---------|-------------------

=============================== Coverage summary ===============================
Statements   : 97.48% ( 1708/1752 )
Branches     : 94.24% ( 1211/1285 )
Functions    : 97.77% ( 307/314 )
Lines        : 98.71% ( 1535/1555 )
================================================================================

## Onchain checks; exit 0

> @ctvs/reference-workspace@0.1.0 test:onchain
> node --import tsx tools/check-onchain.ts

    Compiling steer/ctvs1-reference 0.1.0 (.)
    Compiling aiken-lang/stdlib v3.1.0 (./build/packages/aiken-lang-stdlib)
    Compiling aiken-lang/fuzz v2.2.0 (./build/packages/aiken-lang-fuzz)
   Generating project's blueprint (./plutus.json)
    Compiling steer/ctvs1-reference 0.1.0 (.)
    Compiling aiken-lang/stdlib v3.1.0 (./build/packages/aiken-lang-stdlib)
    Compiling aiken-lang/fuzz v2.2.0 (./build/packages/aiken-lang-fuzz)
   Generating project's blueprint (./plutus.json)
ctvs1: vault template 12018 bytes
ctvs1 { total: 85, passed: 85, failed: 0, kind: { unit: 76, property: 9 } }
    Compiling steer/ctvs2-reference 0.1.0 (.)
    Compiling aiken-lang/stdlib v3.1.0 (./build/packages/aiken-lang-stdlib)
    Compiling aiken-lang/fuzz v2.2.0 (./build/packages/aiken-lang-fuzz)
   Generating project's blueprint (./plutus.json)
    Compiling steer/ctvs2-reference 0.1.0 (.)
    Compiling aiken-lang/stdlib v3.1.0 (./build/packages/aiken-lang-stdlib)
    Compiling aiken-lang/fuzz v2.2.0 (./build/packages/aiken-lang-fuzz)
   Generating project's blueprint (./plutus.json)
ctvs2: vault template 15938 bytes
ctvs2 {
  total: 108,
  passed: 108,
  failed: 0,
  kind: { unit: 98, property: 10 }
}

## Integration checks; exit 0

> @ctvs/reference-workspace@0.1.0 test:integration
> vitest run --project integration --outputFile.junit=artifacts/test-results/integration.xml --outputFile.json=artifacts/test-results/integration.json


 RUN  v5.0.1 /Users/derekbarrera/Development/SteerProtocol/cardano-vault-standard/reference

 ✓ |integration| testing/integration/ctvs1/lifecycle.test.ts (18 tests) 17819ms
   ✓ CTVS-1 signed ada transactions (9)
     ✓ executes deposit through its public planner 1313ms
     ✓ executes mint through its public planner 1809ms
     ✓ executes withdraw through its public planner 1227ms
     ✓ executes redeem through its public planner 1085ms
     ✓ collects fees, tops up reserves, and applies authorized pause changes 1437ms
     ✓ rejects minimum in the compiled validator 549ms
     ✓ rejects recipient in the compiled validator 765ms
     ✓ rejects pause-authority in the compiled validator 645ms
     ✓ rejects paused-entry in the compiled validator 1019ms
   ✓ CTVS-1 signed native transactions (9)
     ✓ executes deposit through its public planner 1193ms
     ✓ executes mint through its public planner 1440ms
     ✓ executes withdraw through its public planner 917ms
     ✓ executes redeem through its public planner 1022ms
     ✓ collects fees, tops up reserves, and applies authorized pause changes 1068ms
     ✓ rejects minimum in the compiled validator 568ms
     ✓ rejects recipient in the compiled validator 549ms
     ✓ rejects pause-authority in the compiled validator 567ms
     ✓ rejects paused-entry in the compiled validator 636ms
 ✓ |integration| testing/integration/ctvs2/selection.test.ts (1 test) 13652ms
   ✓ selects signed feasible batches from real budgets, refreshes State, and independently splits Claim delivery 13651ms
 ✓ |integration| testing/integration/ctvs2/lifecycle.test.ts (4 tests) 7918ms
   ✓ CTVS-2 signed ada transactions (2)
     ✓ settles deposits and redemptions into authenticated funded Claims 3040ms
     ✓ recovers unsupported economics with controller cancellation and permissionless expiry 837ms
   ✓ CTVS-2 signed native transactions (2)
     ✓ settles deposits and redemptions into authenticated funded Claims 3476ms
     ✓ recovers unsupported economics with controller cancellation and permissionless expiry 561ms
 ✓ |integration| testing/integration/ctvs2/guards.test.ts (4 tests) 3896ms
   ✓ CTVS-2 compiled ada guards (2)
     ✓ rejects rewritten Claim recipients and missing settler authorization 882ms
     ✓ requires all actual Q inputs to agree on one complete delivery list 1097ms
   ✓ CTVS-2 compiled native guards (2)
     ✓ rejects rewritten Claim recipients and missing settler authorization 410ms
     ✓ requires all actual Q inputs to agree on one complete delivery list 1503ms
 ✓ |integration| testing/integration/ctvs2/reader.test.ts (1 test) 3312ms
   ✓ replays signed accepted history, authenticates origins, and reverses ownership across a local competing branch 3311ms
 ✓ |integration| testing/integration/compilation/parameters.test.ts (2 tests) 1902ms
   ✓ ctvs1 CLI and Lucid agree on synthetic parameter application, without a ledger transaction 652ms
   ✓ ctvs2 CLI and Lucid agree on synthetic parameter application, without a ledger transaction 1248ms
 ✓ |integration| testing/integration/ctvs1/effects.test.ts (1 test) 1139ms
   ✓ CTVS-1 complete wallet authorization (1)
     ✓ rejects an appended 50 ADA payment before signing or spending and accepts the original plan 1138ms

 Test Files  7 passed (7)
      Tests  31 passed (31)
   Start at  13:01:49
   Duration  76.71s (tests 66%, import 32%, transform 1%)

JSON report written to /Users/derekbarrera/Development/SteerProtocol/cardano-vault-standard/reference/artifacts/test-results/integration.json
JUNIT report written to /Users/derekbarrera/Development/SteerProtocol/cardano-vault-standard/reference/artifacts/test-results/integration.xml
