
> @ctvs/reference-workspace@0.1.0 check
> npm run check:typescript && npm run format:onchain:check && npm run test:coverage && npm run test:onchain && npm run test:integration


> @ctvs/reference-workspace@0.1.0 check:typescript
> npm run typecheck && biome ci --error-on-warnings . && eslint . --max-warnings=0


> @ctvs/reference-workspace@0.1.0 typecheck
> tsc --noEmit

[0m[34mChecked 127 files in 91[0m[0m[2m[34mms[0m[0m[34m.[0m[0m[34m No fixes applied.[0m

> @ctvs/reference-workspace@0.1.0 format:onchain:check
> node --import tsx tools/format-onchain.ts


> @ctvs/reference-workspace@0.1.0 test:coverage
> vitest run --project unit --project property --coverage --outputFile.junit=artifacts/test-results/unit.xml --outputFile.json=artifacts/test-results/unit.json


 RUN  v5.0.1 /Users/derekbarrera/Development/SteerProtocol/cardano-vault-standard/reference
      Coverage enabled with v8

 ✓ |property| packages/protocol/tests/math.property.test.ts (5 tests) 274ms
 ✓ |property| implementations/ctvs1/client/test/direct.property.test.ts (1 test) 342ms
   ✓ direct operations conserve underlying liabilities, supply and separately funded ADA 341ms
 ✓ |property| packages/protocol/tests/data.property.test.ts (1 test) 415ms
   ✓ roundtrips varied recursive Data through maintained CBOR and exact JSON 414ms
 ✓ |property| packages/planning/test/value.property.test.ts (3 tests) 49ms
 ✓ |property| implementations/ctvs2/client/test/settlement.property.test.ts (2 tests) 1633ms
   ✓ batch permutations keep one snapshot and allocate every request exactly once 1450ms
 ✓ |unit| testing/ledger/outputs.test.ts (3 tests) 66ms
 ✓ |unit| packages/cardano/test/effects.test.ts (30 tests) 202ms
 ✓ |unit| packages/integration/test/reader.test.ts (10 tests) 224ms
 ✓ |unit| packages/protocol/tests/data-adversarial.test.ts (36 tests) 45ms
 ✓ |unit| implementations/ctvs2/client/test/hex-identity.test.ts (7 tests) 38ms
 ✓ |unit| tools/lib/staging.test.ts (8 tests) 35ms
 ✓ |unit| packages/planning/test/plan.test.ts (5 tests) 36ms
 ✓ |unit| packages/integration/test/effects.test.ts (8 tests) 187ms
 ✓ |unit| packages/protocol/tests/recovery-cbor.test.ts (11 tests) 33ms
 ✓ |unit| packages/planning/test/hex-identity.test.ts (5 tests) 27ms
 ✓ |unit| implementations/ctvs2/client/test/recovery-delivery.test.ts (3 tests) 23ms
 ✓ |unit| packages/protocol/tests/data.test.ts (44 tests) 26ms
 ✓ |unit| packages/planning/test/context.test.ts (4 tests) 29ms
 ✓ |unit| packages/integration/test/ledger.test.ts (10 tests) 159ms
 ✓ |unit| implementations/ctvs2/client/test/recovery-cbor.test.ts (4 tests) 27ms
 ✓ |unit| packages/protocol/tests/wire.test.ts (20 tests) 70ms
 ✓ |unit| implementations/ctvs2/client/test/requests-batch.test.ts (12 tests) 83ms
 ✓ |unit| implementations/ctvs1/client/test/direct.test.ts (10 tests) 56ms
 ✓ |unit| packages/protocol/tests/math.test.ts (12 tests) 13ms
 ✓ |unit| packages/integration/test/ownership.test.ts (2 tests) 81ms
 ✓ |unit| packages/cardano/test/selection.test.ts (13 tests) 18ms
 ✓ |unit| testing/ledger/evaluator.test.ts (16 tests) 30ms
 ✓ |unit| packages/cardano/test/ledger.test.ts (16 tests) 8ms
 ✓ |unit| testing/ledger/selection.test.ts (11 tests) 3ms

 Test Files  29 passed (29)
      Tests  312 passed (312)
   Start at  13:52:42
   Duration  6.58s (import 72%, tests 21%, transform 4%, worker 2%)

JSON report written to /Users/derekbarrera/Development/SteerProtocol/cardano-vault-standard/reference/artifacts/test-results/unit.json
JUNIT report written to /Users/derekbarrera/Development/SteerProtocol/cardano-vault-standard/reference/artifacts/test-results/unit.xml
 % Coverage report from v8
-------------------|---------|----------|---------|---------|-------------------
File               | % Stmts | % Branch | % Funcs | % Lines | Uncovered Line #s 
-------------------|---------|----------|---------|---------|-------------------
All files          |   97.51 |    94.15 |   97.99 |   98.87 |                   
 ...es/cardano/src |   97.11 |     87.5 |   93.25 |   99.07 |                   
  ...cts-ledger.ts |    91.2 |    90.56 |      80 |   95.89 | 108-110,138       
  ...-witnesses.ts |   98.59 |    57.69 |     100 |     100 | 21-49             
  effects.ts       |     100 |       91 |     100 |     100 | ...61,332,385,441 
  selection.ts     |   94.44 |    87.17 |     100 |   98.71 | 214               
 ...ntegration/src |   93.49 |    88.77 |   98.41 |   96.57 |                   
  identity.ts      |   88.37 |    83.87 |   83.33 |   91.42 | 46,77,99          
  ledger.ts        |     100 |    88.57 |     100 |     100 | 31,122            
  project.ts       |   86.11 |    76.19 |     100 |   94.18 | 72,99,114,140,241 
  reader.ts        |    97.6 |     94.4 |     100 |   98.08 | 151,199,204       
 ...s/planning/src |   99.45 |    98.49 |     100 |     100 |                   
  plan.ts          |   98.73 |    98.55 |     100 |     100 | 227               
  value.ts         |     100 |       95 |     100 |     100 | 58                
 ...tocol/src/data |   99.06 |    99.19 |     100 |   99.44 |                   
  codec.ts         |   98.68 |    98.71 |     100 |   98.41 | 114               
  value.ts         |   98.76 |    99.12 |     100 |     100 | 81                
 ...tocol/src/math |   97.34 |     95.6 |     100 |   99.03 |                   
  limits.ts        |     100 |    94.44 |     100 |     100 | 19                
  quotes.ts        |   94.23 |    85.71 |     100 |   97.95 | 108               
 ...tocol/src/wire |   99.68 |    98.09 |     100 |   99.64 |                   
  primitives.ts    |    98.8 |    94.28 |     100 |   98.64 | 188               
-------------------|---------|----------|---------|---------|-------------------

=============================== Coverage summary ===============================
Statements   : 97.51% ( 1764/1809 )
Branches     : 94.15% ( 1208/1283 )
Functions    : 97.99% ( 342/349 )
Lines        : 98.87% ( 1581/1599 )
================================================================================

> @ctvs/reference-workspace@0.1.0 test:onchain
> node --import tsx tools/check-onchain.ts

    Compiling steer/ctvs1-reference 0.1.0 (.)
    Compiling aiken-lang/stdlib v3.1.0 (./build/packages/aiken-lang-stdlib)
    Compiling aiken-lang/fuzz v2.2.0 (./build/packages/aiken-lang-fuzz)
   Generating project's blueprint (./plutus.json)
    Compiling steer/ctvs1-reference 0.1.0 (.)
    Compiling aiken-lang/stdlib v3.1.0 (./build/packages/aiken-lang-stdlib)
    Compiling aiken-lang/fuzz v2.2.0 (./build/packages/aiken-lang-fuzz)
   Generating project's blueprint (./plutus.json)
ctvs1: vault template 12018 bytes
ctvs1 { total: 85, passed: 85, failed: 0, kind: { unit: 76, property: 9 } }
    Compiling steer/ctvs2-reference 0.1.0 (.)
    Compiling aiken-lang/stdlib v3.1.0 (./build/packages/aiken-lang-stdlib)
    Compiling aiken-lang/fuzz v2.2.0 (./build/packages/aiken-lang-fuzz)
   Generating project's blueprint (./plutus.json)
    Compiling steer/ctvs2-reference 0.1.0 (.)
    Compiling aiken-lang/stdlib v3.1.0 (./build/packages/aiken-lang-stdlib)
    Compiling aiken-lang/fuzz v2.2.0 (./build/packages/aiken-lang-fuzz)
   Generating project's blueprint (./plutus.json)
ctvs2: vault template 15938 bytes
ctvs2 {
  total: 108,
  passed: 108,
  failed: 0,
  kind: { unit: 98, property: 10 }
}

> @ctvs/reference-workspace@0.1.0 test:integration
> vitest run --project integration --outputFile.junit=artifacts/test-results/integration.xml --outputFile.json=artifacts/test-results/integration.json


 RUN  v5.0.1 /Users/derekbarrera/Development/SteerProtocol/cardano-vault-standard/reference

 ✓ |integration| testing/integration/ctvs2/guards.test.ts (4 tests) 2649ms
   ✓ CTVS-2 compiled ada guards (2)
     ✓ rejects rewritten Claim recipients and missing settler authorization 526ms
     ✓ requires all actual Q inputs to agree on one complete delivery list 924ms
   ✓ CTVS-2 compiled native guards (2)
     ✓ rejects rewritten Claim recipients and missing settler authorization 321ms
     ✓ requires all actual Q inputs to agree on one complete delivery list 876ms
 ✓ |integration| testing/integration/ctvs2/lifecycle.test.ts (4 tests) 4157ms
   ✓ CTVS-2 signed ada transactions (1)
     ✓ settles deposits and redemptions into authenticated funded Claims 1747ms
   ✓ CTVS-2 signed native transactions (1)
     ✓ settles deposits and redemptions into authenticated funded Claims 1570ms
   ✓ CTVS-2 signed ada transactions (1)
     ✓ recovers unsupported economics with controller cancellation and permissionless expiry 442ms
   ✓ CTVS-2 signed native transactions (1)
     ✓ recovers unsupported economics with controller cancellation and permissionless expiry 396ms
 ✓ |integration| testing/integration/ctvs2/reader.test.ts (1 test) 1288ms
   ✓ replays signed accepted history, authenticates origins, and reverses ownership across a local competing branch 1287ms
 ✓ |integration| testing/integration/compilation/parameters.test.ts (2 tests) 1040ms
   ✓ ctvs1 CLI and Lucid agree on synthetic parameter application, without a ledger transaction 608ms
   ✓ ctvs2 CLI and Lucid agree on synthetic parameter application, without a ledger transaction 431ms
 ✓ |integration| testing/integration/ctvs1/effects.test.ts (1 test) 724ms
   ✓ CTVS-1 complete wallet authorization (1)
     ✓ rejects an appended 50 ADA payment before signing or spending and accepts the original plan 723ms
 ✓ |integration| testing/integration/ctvs2/selection.test.ts (1 test) 8882ms
   ✓ selects signed feasible batches from real budgets, refreshes State, and independently splits Claim delivery 8881ms
 ✓ |integration| testing/integration/ctvs1/lifecycle.test.ts (18 tests) 9074ms
   ✓ CTVS-1 signed ada transactions (4)
     ✓ executes deposit through its public planner 809ms
     ✓ executes mint through its public planner 583ms
     ✓ executes withdraw through its public planner 547ms
     ✓ executes redeem through its public planner 594ms
   ✓ CTVS-1 signed native transactions (4)
     ✓ executes deposit through its public planner 530ms
     ✓ executes mint through its public planner 684ms
     ✓ executes withdraw through its public planner 602ms
     ✓ executes redeem through its public planner 545ms
   ✓ CTVS-1 signed ada transactions (1)
     ✓ collects fees, tops up reserves, and applies authorized pause changes 758ms
   ✓ CTVS-1 signed native transactions (1)
     ✓ collects fees, tops up reserves, and applies authorized pause changes 787ms
   ✓ CTVS-1 signed ada transactions (4)
     ✓ rejects minimum in the compiled validator 312ms
     ✓ rejects recipient in the compiled validator 389ms
     ✓ rejects pause-authority in the compiled validator 360ms
     ✓ rejects paused-entry in the compiled validator 413ms
   ✓ CTVS-1 signed native transactions (4)
     ✓ rejects minimum in the compiled validator 330ms
     ✓ rejects paused-entry in the compiled validator 313ms

 Test Files  7 passed (7)
      Tests  31 passed (31)
   Start at  13:53:52
   Duration  10.48s (tests 76%, import 22%, transform 2%)

JSON report written to /Users/derekbarrera/Development/SteerProtocol/cardano-vault-standard/reference/artifacts/test-results/integration.json
JUNIT report written to /Users/derekbarrera/Development/SteerProtocol/cardano-vault-standard/reference/artifacts/test-results/integration.xml
