
> @ctvs/reference-workspace@0.1.0 check:typescript
> npm run typecheck && biome ci --error-on-warnings . && eslint . --max-warnings=0


> @ctvs/reference-workspace@0.1.0 typecheck
> tsc --noEmit

[0m[34mChecked 127 files in 126[0m[0m[2m[34mms[0m[0m[34m.[0m[0m[34m No fixes applied.[0m

> @ctvs/reference-workspace@0.1.0 test:coverage
> vitest run --project unit --project property --coverage --outputFile.junit=artifacts/test-results/unit.xml --outputFile.json=artifacts/test-results/unit.json


 RUN  v5.0.1 /Users/derekbarrera/Development/SteerProtocol/cardano-vault-standard/reference
      Coverage enabled with v8

 ✓ |property| packages/protocol/tests/math.property.test.ts (5 tests) 318ms
 ✓ |property| implementations/ctvs1/client/test/direct.property.test.ts (1 test) 379ms
   ✓ direct operations conserve underlying liabilities, supply and separately funded ADA 378ms
 ✓ |property| packages/protocol/tests/data.property.test.ts (1 test) 430ms
   ✓ roundtrips varied recursive Data through maintained CBOR and exact JSON 429ms
 ✓ |property| packages/planning/test/value.property.test.ts (3 tests) 34ms
 ✓ |property| implementations/ctvs2/client/test/settlement.property.test.ts (2 tests) 1652ms
   ✓ batch permutations keep one snapshot and allocate every request exactly once 1432ms
 ✓ |unit| packages/integration/test/effects.test.ts (8 tests) 293ms
 ✓ |unit| packages/cardano/test/effects.test.ts (30 tests) 346ms
 ✓ |unit| packages/integration/test/reader.test.ts (10 tests) 353ms
 ✓ |unit| implementations/ctvs2/client/test/requests-batch.test.ts (12 tests) 62ms
 ✓ |unit| packages/protocol/tests/wire.test.ts (20 tests) 55ms
 ✓ |unit| packages/integration/test/ledger.test.ts (10 tests) 165ms
 ✓ |unit| implementations/ctvs1/client/test/direct.test.ts (10 tests) 50ms
 ✓ |unit| implementations/ctvs2/client/test/hex-identity.test.ts (7 tests) 34ms
 ✓ |unit| packages/protocol/tests/data-adversarial.test.ts (36 tests) 42ms
 ✓ |unit| tools/lib/staging.test.ts (8 tests) 33ms
 ✓ |unit| packages/planning/test/plan.test.ts (5 tests) 34ms
 ✓ |unit| packages/integration/test/ownership.test.ts (2 tests) 65ms
 ✓ |unit| packages/protocol/tests/recovery-cbor.test.ts (11 tests) 34ms
 ✓ |unit| packages/planning/test/context.test.ts (4 tests) 25ms
 ✓ |unit| testing/ledger/outputs.test.ts (3 tests) 63ms
 ✓ |unit| implementations/ctvs2/client/test/recovery-cbor.test.ts (4 tests) 28ms
 ✓ |unit| packages/planning/test/hex-identity.test.ts (5 tests) 41ms
 ✓ |unit| packages/protocol/tests/data.test.ts (44 tests) 32ms
 ✓ |unit| implementations/ctvs2/client/test/recovery-delivery.test.ts (3 tests) 28ms
 ✓ |unit| packages/cardano/test/selection.test.ts (13 tests) 24ms
 ✓ |unit| packages/protocol/tests/math.test.ts (12 tests) 20ms
 ✓ |unit| testing/ledger/evaluator.test.ts (16 tests) 33ms
 ✓ |unit| packages/cardano/test/ledger.test.ts (16 tests) 6ms
 ✓ |unit| testing/ledger/selection.test.ts (11 tests) 3ms

 Test Files  29 passed (29)
      Tests  312 passed (312)
   Start at  13:54:36
   Duration  6.61s (import 70%, tests 23%, transform 4%, worker 2%)

JSON report written to /Users/derekbarrera/Development/SteerProtocol/cardano-vault-standard/reference/artifacts/test-results/unit.json
JUNIT report written to /Users/derekbarrera/Development/SteerProtocol/cardano-vault-standard/reference/artifacts/test-results/unit.xml
 % Coverage report from v8
-------------------|---------|----------|---------|---------|-------------------
File               | % Stmts | % Branch | % Funcs | % Lines | Uncovered Line #s 
-------------------|---------|----------|---------|---------|-------------------
All files          |   97.51 |    94.15 |   97.99 |   98.87 |                   
 ...es/cardano/src |   97.11 |     87.5 |   93.25 |   99.07 |                   
  ...cts-ledger.ts |    91.2 |    90.56 |      80 |   95.89 | 108-110,138       
  ...-witnesses.ts |   98.59 |    57.69 |     100 |     100 | 21-49             
  effects.ts       |     100 |       91 |     100 |     100 | ...61,332,385,441 
  selection.ts     |   94.44 |    87.17 |     100 |   98.71 | 214               
 ...ntegration/src |   93.49 |    88.77 |   98.41 |   96.57 |                   
  identity.ts      |   88.37 |    83.87 |   83.33 |   91.42 | 46,77,99          
  ledger.ts        |     100 |    88.57 |     100 |     100 | 31,122            
  project.ts       |   86.11 |    76.19 |     100 |   94.18 | 72,99,114,140,241 
  reader.ts        |    97.6 |     94.4 |     100 |   98.08 | 151,199,204       
 ...s/planning/src |   99.45 |    98.49 |     100 |     100 |                   
  plan.ts          |   98.73 |    98.55 |     100 |     100 | 230               
  value.ts         |     100 |       95 |     100 |     100 | 58                
 ...tocol/src/data |   99.06 |    99.19 |     100 |   99.44 |                   
  codec.ts         |   98.68 |    98.71 |     100 |   98.41 | 114               
  value.ts         |   98.76 |    99.12 |     100 |     100 | 81                
 ...tocol/src/math |   97.34 |     95.6 |     100 |   99.03 |                   
  limits.ts        |     100 |    94.44 |     100 |     100 | 19                
  quotes.ts        |   94.23 |    85.71 |     100 |   97.95 | 108               
 ...tocol/src/wire |   99.68 |    98.09 |     100 |   99.64 |                   
  primitives.ts    |    98.8 |    94.28 |     100 |   98.64 | 188               
-------------------|---------|----------|---------|---------|-------------------

=============================== Coverage summary ===============================
Statements   : 97.51% ( 1764/1809 )
Branches     : 94.15% ( 1208/1283 )
Functions    : 97.99% ( 342/349 )
Lines        : 98.87% ( 1581/1599 )
================================================================================
